// Jest Snapshot v1, https://goo.gl/fbAQLP

exports[`BitcoinService createRandomWallet should match snapshot 1`] = `
Object {
  "address": "walletAddress",
  "name": "wallletName",
}
`;

exports[`BitcoinService generateNewAddress should match snapshot 1`] = `"MY_WALLET"`;
