// Jest Snapshot v1, https://goo.gl/fbAQLP

exports[`User Register service should create user and wallet 1`] = `undefined`;
