// Jest Snapshot v1, https://goo.gl/fbAQLP

exports[`User service should return undefined 1`] = `undefined`;
